// Jest Snapshot v1, https://goo.gl/fbAQLP

exports[`Renders shows 1`] = `
<div
  className="sc-bdnylx sc-gtssRu gYbAMc"
>
  <img
    alt="Curva"
    src="curva.svg"
  />
  <div>
    <img
      alt="svgExtra"
      src=""
    />
  </div>
</div>
`;
