// Jest Snapshot v1, https://goo.gl/fbAQLP

exports[`Render  button snapshot 1`] = `ReactWrapper {}`;
