// Jest Snapshot v1, https://goo.gl/fbAQLP

exports[`<PsychologistList />  snapshot 1`] = `ReactWrapper {}`;
