// Jest Snapshot v1, https://goo.gl/fbAQLP

exports[`Renders Snapshot 1`] = `ReactWrapper {}`;
